../Core/Src/main.c:76:5:main	88	static
../Core/Src/main.c:164:6:SystemClock_Config	88	static
../Core/Src/main.c:210:13:MX_USART2_UART_Init	8	static
../Core/Src/main.c:243:13:MX_GPIO_Init	40	static
../Core/Src/main.c:285:6:UartTask	16	static
../Core/Src/main.c:305:6:LedTask	16	static
../Core/Src/main.c:322:6:PTCallback	16	static
../Core/Src/main.c:330:6:OTCallback	16	static
../Core/Src/main.c:345:6:HAL_TIM_PeriodElapsedCallback	16	static
../Core/Src/main.c:362:6:Error_Handler	4	static,ignoring_inline_asm
