../Core/Src/main.c:82:6:send_UART	16	static
../Core/Src/main.c:96:5:main	16	static
../Core/Src/main.c:165:6:SystemClock_Config	88	static
../Core/Src/main.c:212:13:MX_USART2_UART_Init	8	static
../Core/Src/main.c:245:13:MX_GPIO_Init	16	static
../Core/Src/main.c:259:6:High_Task	32	static
../Core/Src/main.c:277:6:Medium_Task	24	static
../Core/Src/main.c:288:6:Low_Task	32	static
../Core/Src/main.c:316:6:HAL_TIM_PeriodElapsedCallback	16	static
../Core/Src/main.c:333:6:Error_Handler	4	static,ignoring_inline_asm
