../Core/Src/main.c:88:5:main	24	static
../Core/Src/main.c:153:6:SystemClock_Config	88	static
../Core/Src/main.c:200:13:MX_USART2_UART_Init	8	static
../Core/Src/main.c:233:13:MX_GPIO_Init	16	static
../Core/Src/main.c:247:6:Sender_HPT_Task	32	static
../Core/Src/main.c:264:6:Sender_LPT_Task	32	static
../Core/Src/main.c:282:6:Receiver_Task	136	static
../Core/Src/main.c:304:6:HAL_UART_RxCpltCallback	24	static,ignoring_inline_asm
../Core/Src/main.c:341:6:HAL_TIM_PeriodElapsedCallback	16	static
../Core/Src/main.c:358:6:Error_Handler	4	static,ignoring_inline_asm
