../Core/Src/main.c:96:5:main	16	static
../Core/Src/main.c:159:6:SystemClock_Config	88	static
../Core/Src/main.c:205:13:MX_USART2_UART_Init	8	static
../Core/Src/main.c:237:13:MX_GPIO_Init	16	static
../Core/Src/main.c:253:6:HPT_Task	200	static
../Core/Src/main.c:290:6:MPT_Task	200	static
../Core/Src/main.c:324:6:LPT_Task	200	static
../Core/Src/main.c:358:6:VLPT_Task	200	static
../Core/Src/main.c:392:6:HAL_UART_RxCpltCallback	24	static,ignoring_inline_asm
../Core/Src/main.c:414:6:HAL_TIM_PeriodElapsedCallback	16	static
../Core/Src/main.c:432:6:Error_Handler	4	static,ignoring_inline_asm
