../Core/Src/main.c:98:5:main	16	static
../Core/Src/main.c:161:6:SystemClock_Config	88	static
../Core/Src/main.c:208:13:MX_USART2_UART_Init	8	static
../Core/Src/main.c:241:13:MX_GPIO_Init	16	static
../Core/Src/main.c:257:6:HPT_Task	200	static
../Core/Src/main.c:296:6:MPT_Task	200	static
../Core/Src/main.c:331:6:LPT_Task	200	static
../Core/Src/main.c:366:6:VLPT_Task	200	static
../Core/Src/main.c:402:7:HAL_UART_RxCpltCallback	24	static,ignoring_inline_asm
../Core/Src/main.c:425:6:HAL_TIM_PeriodElapsedCallback	16	static
../Core/Src/main.c:442:6:Error_Handler	4	static,ignoring_inline_asm
