../Core/Src/main.c:87:5:main	24	static
../Core/Src/main.c:152:6:SystemClock_Config	88	static
../Core/Src/main.c:198:13:MX_USART2_UART_Init	8	static
../Core/Src/main.c:231:13:MX_GPIO_Init	16	static
../Core/Src/main.c:245:6:Sender1_Task	32	static
../Core/Src/main.c:260:6:Sender2_Task	32	static
../Core/Src/main.c:276:6:Receiver_Task	136	static
../Core/Src/main.c:298:6:HAL_UART_RxCpltCallback	24	static,ignoring_inline_asm
../Core/Src/main.c:335:6:HAL_TIM_PeriodElapsedCallback	16	static
../Core/Src/main.c:352:6:Error_Handler	4	static,ignoring_inline_asm
