09:31:40 **** Incremental Build of configuration Debug for project 003.1Semaphore_Example0 ****
make -j8 all 
arm-none-eabi-gcc "../Core/Src/main.c" -mcpu=cortex-m4 -std=gnu11 -g3 -DDEBUG -DUSE_HAL_DRIVER -DSTM32F407xx -c -I../Core/Inc -I../Drivers/STM32F4xx_HAL_Driver/Inc -I../Drivers/STM32F4xx_HAL_Driver/Inc/Legacy -I../Drivers/CMSIS/Device/ST/STM32F4xx/Include -I../Drivers/CMSIS/Include -I../Middlewares/Third_Party/FreeRTOS/Source/include -I../Middlewares/Third_Party/FreeRTOS/Source/CMSIS_RTOS -I../Middlewares/Third_Party/FreeRTOS/Source/portable/GCC/ARM_CM4F -O0 -ffunction-sections -fdata-sections -Wall -fstack-usage -fcyclomatic-complexity -MMD -MP -MF"Core/Src/main.d" -MT"Core/Src/main.o" --specs=nano.specs -mfpu=fpv4-sp-d16 -mfloat-abi=hard -mthumb -o "Core/Src/main.o"
arm-none-eabi-gcc -o "003.1Semaphore_Example0.elf" @"objects.list"   -mcpu=cortex-m4 -T"D:\freertos\rtos_workspace\003.1Semaphore_Example0\STM32F407VGTX_FLASH.ld" --specs=nosys.specs -Wl,-Map="003.1Semaphore_Example0.map" -Wl,--gc-sections -static --specs=nano.specs -mfpu=fpv4-sp-d16 -mfloat-abi=hard -mthumb -Wl,--start-group -lc -lm -Wl,--end-group
Finished building target: 003.1Semaphore_Example0.elf
 
arm-none-eabi-size  003.1Semaphore_Example0.elf 
arm-none-eabi-objdump -h -S 003.1Semaphore_Example0.elf  > "003.1Semaphore_Example0.list"
   text	   data	    bss	    dec	    hex	filename
  15504	     16	  18024	  33544	   8308	003.1Semaphore_Example0.elf
Finished building: default.size.stdout
 
Finished building: 003.1Semaphore_Example0.list
 

09:31:41 Build Finished. 0 errors, 0 warnings. (took 872ms)

