19:27:25 **** Build of configuration Debug for project 004Semaphore_Counting ****
make -j8 all 
arm-none-eabi-gcc "../Core/Src/main.c" -mcpu=cortex-m4 -std=gnu11 -g3 -DDEBUG -DUSE_HAL_DRIVER -DSTM32F407xx -c -I../Core/Inc -I../Drivers/STM32F4xx_HAL_Driver/Inc -I../Drivers/STM32F4xx_HAL_Driver/Inc/Legacy -I../Drivers/CMSIS/Device/ST/STM32F4xx/Include -I../Drivers/CMSIS/Include -I../Middlewares/Third_Party/FreeRTOS/Source/include -I../Middlewares/Third_Party/FreeRTOS/Source/CMSIS_RTOS -I../Middlewares/Third_Party/FreeRTOS/Source/portable/GCC/ARM_CM4F -O0 -ffunction-sections -fdata-sections -Wall -fstack-usage -fcyclomatic-complexity -MMD -MP -MF"Core/Src/main.d" -MT"Core/Src/main.o" --specs=nano.specs -mfpu=fpv4-sp-d16 -mfloat-abi=hard -mthumb -o "Core/Src/main.o"
arm-none-eabi-gcc -o "004Semaphore_Counting.elf" @"objects.list"   -mcpu=cortex-m4 -T"D:\freertos\rtos_workspace\004Semaphore_Counting\STM32F407VGTX_FLASH.ld" --specs=nosys.specs -Wl,-Map="004Semaphore_Counting.map" -Wl,--gc-sections -static --specs=nano.specs -mfpu=fpv4-sp-d16 -mfloat-abi=hard -mthumb -Wl,--start-group -lc -lm -Wl,--end-group
Finished building target: 004Semaphore_Counting.elf
 
arm-none-eabi-size  004Semaphore_Counting.elf 
arm-none-eabi-objdump -h -S 004Semaphore_Counting.elf  > "004Semaphore_Counting.list"
   text	   data	    bss	    dec	    hex	filename
  24380	     28	  18036	  42444	   a5cc	004Semaphore_Counting.elf
Finished building: default.size.stdout
 
Finished building: 004Semaphore_Counting.list
 

19:27:27 Build Finished. 0 errors, 0 warnings. (took 2s.5ms)

