15:40:17 **** Incremental Build of configuration Debug for project freertos_simple_queue ****
make -j8 all 
arm-none-eabi-gcc "../Core/Src/main.c" -mcpu=cortex-m4 -std=gnu11 -g3 -DDEBUG -DUSE_HAL_DRIVER -DSTM32F407xx -c -I../Core/Inc -I../Drivers/STM32F4xx_HAL_Driver/Inc -I../Drivers/STM32F4xx_HAL_Driver/Inc/Legacy -I../Drivers/CMSIS/Device/ST/STM32F4xx/Include -I../Drivers/CMSIS/Include -I../Middlewares/Third_Party/FreeRTOS/Source/include -I../Middlewares/Third_Party/FreeRTOS/Source/CMSIS_RTOS -I../Middlewares/Third_Party/FreeRTOS/Source/portable/GCC/ARM_CM4F -O0 -ffunction-sections -fdata-sections -Wall -fstack-usage -fcyclomatic-complexity -MMD -MP -MF"Core/Src/main.d" -MT"Core/Src/main.o" --specs=nano.specs -mfpu=fpv4-sp-d16 -mfloat-abi=hard -mthumb -o "Core/Src/main.o"
arm-none-eabi-gcc -o "freertos_simple_queue.elf" @"objects.list"   -mcpu=cortex-m4 -T"D:\freertos\rtos_workspace\freertos_simple_queue\STM32F407VGTX_FLASH.ld" --specs=nosys.specs -Wl,-Map="freertos_simple_queue.map" -Wl,--gc-sections -static --specs=nano.specs -mfpu=fpv4-sp-d16 -mfloat-abi=hard -mthumb -Wl,--start-group -lc -lm -Wl,--end-group
Finished building target: freertos_simple_queue.elf
 
arm-none-eabi-size  freertos_simple_queue.elf 
arm-none-eabi-objdump -h -S freertos_simple_queue.elf  > "freertos_simple_queue.list"
   text	   data	    bss	    dec	    hex	filename
  24544	     96	  18360	  43000	   a7f8	freertos_simple_queue.elf
Finished building: default.size.stdout
 
Finished building: freertos_simple_queue.list
 

15:40:19 Build Finished. 0 errors, 0 warnings. (took 1s.276ms)

