09:31:14 **** Incremental Build of configuration Debug for project 009SoftwareTimer ****
make -j8 all 
arm-none-eabi-size  009SoftwareTimer.elf 
   text	   data	    bss	    dec	    hex	filename
  21876	     16	  19448	  41340	   a17c	009SoftwareTimer.elf
Finished building: default.size.stdout
 
09:31:18 **** Incremental Build of configuration Debug for project 009SoftwareTimer ****
make -j8 all 
arm-none-eabi-size  009SoftwareTimer.elf 
   text	   data	    bss	    dec	    hex	filename
  21876	     16	  19448	  41340	   a17c	009SoftwareTimer.elf
Finished building: default.size.stdout
 
