15:36:56 **** Incremental Build of configuration Debug for project freertos_counting_semaphore ****
make -j8 all 
arm-none-eabi-gcc "../Core/Src/main.c" -mcpu=cortex-m4 -std=gnu11 -g3 -DDEBUG -DUSE_HAL_DRIVER -DSTM32F407xx -c -I../Core/Inc -I../Drivers/STM32F4xx_HAL_Driver/Inc -I../Drivers/STM32F4xx_HAL_Driver/Inc/Legacy -I../Drivers/CMSIS/Device/ST/STM32F4xx/Include -I../Drivers/CMSIS/Include -I../Middlewares/Third_Party/FreeRTOS/Source/include -I../Middlewares/Third_Party/FreeRTOS/Source/CMSIS_RTOS -I../Middlewares/Third_Party/FreeRTOS/Source/portable/GCC/ARM_CM4F -O0 -ffunction-sections -fdata-sections -Wall -fstack-usage -fcyclomatic-complexity -MMD -MP -MF"Core/Src/main.d" -MT"Core/Src/main.o" --specs=nano.specs -mfpu=fpv4-sp-d16 -mfloat-abi=hard -mthumb -o "Core/Src/main.o"
arm-none-eabi-gcc -o "freertos_counting_semaphore.elf" @"objects.list"   -mcpu=cortex-m4 -T"D:\freertos\rtos_workspace\freertos_counting_semaphore\STM32F407VGTX_FLASH.ld" --specs=nosys.specs -Wl,-Map="freertos_counting_semaphore.map" -Wl,--gc-sections -static --specs=nano.specs -mfpu=fpv4-sp-d16 -mfloat-abi=hard -mthumb -Wl,--start-group -lc -lm -Wl,--end-group
Finished building target: freertos_counting_semaphore.elf
 
arm-none-eabi-size  freertos_counting_semaphore.elf 
arm-none-eabi-objdump -h -S freertos_counting_semaphore.elf  > "freertos_counting_semaphore.list"
   text	   data	    bss	    dec	    hex	filename
  24636	     28	  18036	  42700	   a6cc	freertos_counting_semaphore.elf
Finished building: default.size.stdout
 
Finished building: freertos_counting_semaphore.list
 
15:38:26 **** Incremental Build of configuration Debug for project freertos_counting_semaphore ****
make -j8 all 
arm-none-eabi-size  freertos_counting_semaphore.elf 
   text	   data	    bss	    dec	    hex	filename
  24636	     28	  18036	  42700	   a6cc	freertos_counting_semaphore.elf
Finished building: default.size.stdout
 
15:41:17 **** Incremental Build of configuration Debug for project freertos_counting_semaphore ****
make -j8 all 
arm-none-eabi-gcc "../Core/Src/main.c" -mcpu=cortex-m4 -std=gnu11 -g3 -DDEBUG -DUSE_HAL_DRIVER -DSTM32F407xx -c -I../Core/Inc -I../Drivers/STM32F4xx_HAL_Driver/Inc -I../Drivers/STM32F4xx_HAL_Driver/Inc/Legacy -I../Drivers/CMSIS/Device/ST/STM32F4xx/Include -I../Drivers/CMSIS/Include -I../Middlewares/Third_Party/FreeRTOS/Source/include -I../Middlewares/Third_Party/FreeRTOS/Source/CMSIS_RTOS -I../Middlewares/Third_Party/FreeRTOS/Source/portable/GCC/ARM_CM4F -O0 -ffunction-sections -fdata-sections -Wall -fstack-usage -fcyclomatic-complexity -MMD -MP -MF"Core/Src/main.d" -MT"Core/Src/main.o" --specs=nano.specs -mfpu=fpv4-sp-d16 -mfloat-abi=hard -mthumb -o "Core/Src/main.o"
arm-none-eabi-gcc -o "freertos_counting_semaphore.elf" @"objects.list"   -mcpu=cortex-m4 -T"D:\freertos\rtos_workspace\freertos_counting_semaphore\STM32F407VGTX_FLASH.ld" --specs=nosys.specs -Wl,-Map="freertos_counting_semaphore.map" -Wl,--gc-sections -static --specs=nano.specs -mfpu=fpv4-sp-d16 -mfloat-abi=hard -mthumb -Wl,--start-group -lc -lm -Wl,--end-group
Finished building target: freertos_counting_semaphore.elf
 
arm-none-eabi-size  freertos_counting_semaphore.elf 
arm-none-eabi-objdump -h -S freertos_counting_semaphore.elf  > "freertos_counting_semaphore.list"
   text	   data	    bss	    dec	    hex	filename
  24348	     28	  18036	  42412	   a5ac	freertos_counting_semaphore.elf
Finished building: default.size.stdout
 
Finished building: freertos_counting_semaphore.list
 
16:00:07 **** Incremental Build of configuration Debug for project freertos_counting_semaphore ****
make -j8 all 
arm-none-eabi-size  freertos_counting_semaphore.elf 
   text	   data	    bss	    dec	    hex	filename
  24348	     28	  18036	  42412	   a5ac	freertos_counting_semaphore.elf
Finished building: default.size.stdout
 
